// Jest Snapshot v1, https://goo.gl/fbAQLP

exports[`should render demo and match snapshot 1`] = `
<div>
  <div class="van-skeleton van-skeleton--animate">
    <div class="van-skeleton__content">
      <h3 class="van-skeleton-item__title">
      </h3>
      <div class="van-skeleton-item__cell"
           style="width: 100%;"
      >
      </div>
      <div class="van-skeleton-item__cell"
           style="width: 100%;"
      >
      </div>
      <div class="van-skeleton-item__cell"
           style="width: 60%;"
      >
      </div>
    </div>
  </div>
</div>
<div>
  <div class="van-skeleton van-skeleton--animate">
    <div class="van-skeleton-item__avatar van-skeleton-item__avatar--round">
    </div>
    <div class="van-skeleton__content">
      <h3 class="van-skeleton-item__title">
      </h3>
      <div class="van-skeleton-item__cell"
           style="width: 100%;"
      >
      </div>
      <div class="van-skeleton-item__cell"
           style="width: 100%;"
      >
      </div>
      <div class="van-skeleton-item__cell"
           style="width: 60%;"
      >
      </div>
    </div>
  </div>
</div>
<div>
  <div role="switch"
       class="van-switch"
       tabindex="0"
       aria-checked="false"
  >
    <div class="van-switch__node">
    </div>
  </div>
  <div class="van-skeleton van-skeleton--animate">
    <div class="van-skeleton-item__avatar van-skeleton-item__avatar--round">
    </div>
    <div class="van-skeleton__content">
      <h3 class="van-skeleton-item__title">
      </h3>
      <div class="van-skeleton-item__cell"
           style="width: 100%;"
      >
      </div>
      <div class="van-skeleton-item__cell"
           style="width: 100%;"
      >
      </div>
      <div class="van-skeleton-item__cell"
           style="width: 60%;"
      >
      </div>
    </div>
  </div>
</div>
<div>
  <div class="van-skeleton van-skeleton--animate">
    <div style="width: 100%;">
      <div class="demo-preview">
        <div class="van-skeleton-item__avatar van-skeleton-item__avatar--round">
        </div>
        <div class="van-skeleton-item__avatar van-skeleton-item__avatar--round">
        </div>
        <div class="van-skeleton-item__avatar van-skeleton-item__avatar--round">
        </div>
        <div class="van-skeleton-item__avatar van-skeleton-item__avatar--round">
        </div>
      </div>
      <div class="van-skeleton-item__cell"
           style="width: 60%;"
      >
      </div>
      <div class="van-skeleton-item__cell"
           style="width: 100%;"
      >
      </div>
      <div class="van-skeleton-item__cell"
           style="width: 100%;"
      >
      </div>
    </div>
  </div>
</div>
`;
